// Jest Snapshot v1, https://goo.gl/fbAQLP

exports[`renders correctly of SizedBox 1`] = `[Function]`;
